{
  "name": "내향적 분석형",
  "responses": [
    2,
    7,
    2,
    3,
    6,
    2,
    7,
    2,
    3,
    6,
    2,
    7,
    2,
    3,
    6,
    2,
    7,
    2,
    3,
    6,
    2,
    7,
    2,
    3,
    6,
    2,
    7,
    2,
    3,
    6,
    2,
    7,
    2,
    3,
    6,
    2,
    7,
    2,
    3,
    6,
    2,
    7,
    2,
    3,
    6,
    2,
    7,
    2,
    3,
    6,
    2,
    7,
    2,
    3,
    6
  ],
  "expect": {
    "big5": {
      "o": 0.2,
      "c": 1,
      "e": 0.2,
      "a": 0.3,
      "n": 0.8
    },
    "mbti": "ISTP",
    "reti": 3,
    "inner9": [
      {
        "label": "창조성",
        "value": 16.4
      },
      {
        "label": "의지",
        "value": 26.8
      },
      {
        "label": "감수성",
        "value": 16.5
      },
      {
        "label": "조화",
        "value": 41.1
      },
      {
        "label": "표현",
        "value": 16.4
      },
      {
        "label": "통찰",
        "value": 16.6
      },
      {
        "label": "회복력",
        "value": 75.9
      },
      {
        "label": "균형",
        "value": 71
      },
      {
        "label": "성장",
        "value": 28.8
      }
    ]
  }
}