{
  "name": "균형형 성격",
  "responses": [
    4,
    4,
    4,
    4,
    4,
    4,
    4,
    4,
    4,
    4,
    4,
    4,
    4,
    4,
    4,
    4,
    4,
    4,
    4,
    4,
    4,
    4,
    4,
    4,
    4,
    4,
    4,
    4,
    4,
    4,
    4,
    4,
    4,
    4,
    4,
    4,
    4,
    4,
    4,
    4,
    4,
    4,
    4,
    4,
    4,
    4,
    4,
    4,
    4,
    4,
    4,
    4,
    4,
    4,
    4
  ],
  "expect": {
    "big5": {
      "o": 0.5,
      "c": 0.5,
      "e": 0.5,
      "a": 0.5,
      "n": 0.5
    },
    "mbti": "ISTP",
    "reti": 3,
    "inner9": [
      {
        "label": "창조성",
        "value": 16.5
      },
      {
        "label": "의지",
        "value": 26.5
      },
      {
        "label": "감수성",
        "value": 16.5
      },
      {
        "label": "조화",
        "value": 41.3
      },
      {
        "label": "표현",
        "value": 16.5
      },
      {
        "label": "통찰",
        "value": 16.5
      },
      {
        "label": "회복력",
        "value": 76
      },
      {
        "label": "균형",
        "value": 71.3
      },
      {
        "label": "성장",
        "value": 28.9
      }
    ]
  },
  "meta": {
    "engineVersion": "1.2.0",
    "weightsVersion": "1.0.0",
    "commitHash": "f7edb05",
    "generatedAt": "2024-12-19T14:20:36.000Z",
    "tolerance": {
      "big5": 1,
      "inner9": 2,
      "mbti": 0,
      "reti": 0
    }
  }
}