{
  "name": "외향적 창의형",
  "responses": [
    7,
    3,
    7,
    6,
    2,
    7,
    3,
    7,
    6,
    2,
    7,
    3,
    7,
    6,
    2,
    7,
    3,
    7,
    6,
    2,
    7,
    3,
    7,
    6,
    2,
    7,
    3,
    7,
    6,
    2,
    7,
    3,
    7,
    6,
    2,
    7,
    3,
    7,
    6,
    2,
    7,
    3,
    7,
    6,
    2,
    7,
    3,
    7,
    6,
    2,
    7,
    3,
    7,
    6,
    2
  ],
  "expect": {
    "big5": {
      "o": 1,
      "c": 0.3,
      "e": 1,
      "a": 0.8,
      "n": 0.2
    },
    "mbti": "ISTP",
    "reti": 4,
    "inner9": [
      {
        "label": "창조성",
        "value": 19.9
      },
      {
        "label": "의지",
        "value": 29.5
      },
      {
        "label": "감수성",
        "value": 19.6
      },
      {
        "label": "조화",
        "value": 44.5
      },
      {
        "label": "표현",
        "value": 19.9
      },
      {
        "label": "통찰",
        "value": 19.7
      },
      {
        "label": "회복력",
        "value": 79.3
      },
      {
        "label": "균형",
        "value": 74.2
      },
      {
        "label": "성장",
        "value": 32.1
      }
    ]
  }
}